// Jest Snapshot v1, https://goo.gl/fbAQLP

exports[`Quiz Rendering components renders correctly 1`] = `
ShallowWrapper {
  "length": 1,
  Symbol(enzyme.__root__): [Circular],
  Symbol(enzyme.__unrendered__): <SpanishQuiz />,
  Symbol(enzyme.__renderer__): Object {
    "batchedUpdates": [Function],
    "getNode": [Function],
    "render": [Function],
    "simulateEvent": [Function],
    "unmount": [Function],
  },
  Symbol(enzyme.__node__): Object {
    "instance": null,
    "key": undefined,
    "nodeType": "host",
    "props": Object {
      "children": Array [
        <QuizScenario
          scenario="You are getting ready for your date"
/>,
        <QuizPicture
          picture="https://www.opposuits.co.uk/media/catalog/product/cache/1/image/550x/925f46717e92fbc24a8e2d03b22927e1/s/s/ss_reddevil-lifestyle-01.jpg"
/>,
        <QuizQuestion
          question="Which of these is your suit?"
/>,
        <QuizAnswers />,
      ],
    },
    "ref": null,
    "rendered": Array [
      Object {
        "instance": null,
        "key": undefined,
        "nodeType": "function",
        "props": Object {
          "scenario": "You are getting ready for your date",
        },
        "ref": null,
        "rendered": null,
        "type": [Function],
      },
      Object {
        "instance": null,
        "key": undefined,
        "nodeType": "function",
        "props": Object {
          "picture": "https://www.opposuits.co.uk/media/catalog/product/cache/1/image/550x/925f46717e92fbc24a8e2d03b22927e1/s/s/ss_reddevil-lifestyle-01.jpg",
        },
        "ref": null,
        "rendered": null,
        "type": [Function],
      },
      Object {
        "instance": null,
        "key": undefined,
        "nodeType": "function",
        "props": Object {
          "question": "Which of these is your suit?",
        },
        "ref": null,
        "rendered": null,
        "type": [Function],
      },
      Object {
        "instance": null,
        "key": undefined,
        "nodeType": "function",
        "props": Object {},
        "ref": null,
        "rendered": null,
        "type": [Function],
      },
    ],
    "type": "div",
  },
  Symbol(enzyme.__nodes__): Array [
    Object {
      "instance": null,
      "key": undefined,
      "nodeType": "host",
      "props": Object {
        "children": Array [
          <QuizScenario
            scenario="You are getting ready for your date"
/>,
          <QuizPicture
            picture="https://www.opposuits.co.uk/media/catalog/product/cache/1/image/550x/925f46717e92fbc24a8e2d03b22927e1/s/s/ss_reddevil-lifestyle-01.jpg"
/>,
          <QuizQuestion
            question="Which of these is your suit?"
/>,
          <QuizAnswers />,
        ],
      },
      "ref": null,
      "rendered": Array [
        Object {
          "instance": null,
          "key": undefined,
          "nodeType": "function",
          "props": Object {
            "scenario": "You are getting ready for your date",
          },
          "ref": null,
          "rendered": null,
          "type": [Function],
        },
        Object {
          "instance": null,
          "key": undefined,
          "nodeType": "function",
          "props": Object {
            "picture": "https://www.opposuits.co.uk/media/catalog/product/cache/1/image/550x/925f46717e92fbc24a8e2d03b22927e1/s/s/ss_reddevil-lifestyle-01.jpg",
          },
          "ref": null,
          "rendered": null,
          "type": [Function],
        },
        Object {
          "instance": null,
          "key": undefined,
          "nodeType": "function",
          "props": Object {
            "question": "Which of these is your suit?",
          },
          "ref": null,
          "rendered": null,
          "type": [Function],
        },
        Object {
          "instance": null,
          "key": undefined,
          "nodeType": "function",
          "props": Object {},
          "ref": null,
          "rendered": null,
          "type": [Function],
        },
      ],
      "type": "div",
    },
  ],
  Symbol(enzyme.__options__): Object {
    "adapter": ReactSixteenAdapter {
      "options": Object {
        "enableComponentDidUpdateOnSetState": true,
      },
    },
    "disableLifecycleMethods": true,
  },
}
`;
