// Jest Snapshot v1, https://goo.gl/fbAQLP

exports[`QuizAnswers renders components correctly renders correctly 1`] = `
ShallowWrapper {
  "length": 1,
  Symbol(enzyme.__root__): [Circular],
  Symbol(enzyme.__unrendered__): <QuizAnswers />,
  Symbol(enzyme.__renderer__): Object {
    "batchedUpdates": [Function],
    "getNode": [Function],
    "render": [Function],
    "simulateEvent": [Function],
    "unmount": [Function],
  },
  Symbol(enzyme.__node__): Object {
    "instance": null,
    "key": undefined,
    "nodeType": "host",
    "props": Object {
      "children": Array [
        <QuizAnswer
          answer="el vestido rojo"
          handleAnswerSubmitted={undefined}
/>,
        <QuizCorrectAnswer
          answer="el traje rojo"
          handleCorrectAnswerSubmitted={undefined}
/>,
        <QuizAnswer
          answer="el abrigo rojo"
          handleAnswerSubmitted={undefined}
/>,
        <QuizAnswer
          answer="los pantalones rojos"
          handleAnswerSubmitted={undefined}
/>,
      ],
    },
    "ref": null,
    "rendered": Array [
      Object {
        "instance": null,
        "key": undefined,
        "nodeType": "function",
        "props": Object {
          "answer": "el vestido rojo",
          "handleAnswerSubmitted": undefined,
        },
        "ref": null,
        "rendered": null,
        "type": [Function],
      },
      Object {
        "instance": null,
        "key": undefined,
        "nodeType": "function",
        "props": Object {
          "answer": "el traje rojo",
          "handleCorrectAnswerSubmitted": undefined,
        },
        "ref": null,
        "rendered": null,
        "type": [Function],
      },
      Object {
        "instance": null,
        "key": undefined,
        "nodeType": "function",
        "props": Object {
          "answer": "el abrigo rojo",
          "handleAnswerSubmitted": undefined,
        },
        "ref": null,
        "rendered": null,
        "type": [Function],
      },
      Object {
        "instance": null,
        "key": undefined,
        "nodeType": "function",
        "props": Object {
          "answer": "los pantalones rojos",
          "handleAnswerSubmitted": undefined,
        },
        "ref": null,
        "rendered": null,
        "type": [Function],
      },
    ],
    "type": "div",
  },
  Symbol(enzyme.__nodes__): Array [
    Object {
      "instance": null,
      "key": undefined,
      "nodeType": "host",
      "props": Object {
        "children": Array [
          <QuizAnswer
            answer="el vestido rojo"
            handleAnswerSubmitted={undefined}
/>,
          <QuizCorrectAnswer
            answer="el traje rojo"
            handleCorrectAnswerSubmitted={undefined}
/>,
          <QuizAnswer
            answer="el abrigo rojo"
            handleAnswerSubmitted={undefined}
/>,
          <QuizAnswer
            answer="los pantalones rojos"
            handleAnswerSubmitted={undefined}
/>,
        ],
      },
      "ref": null,
      "rendered": Array [
        Object {
          "instance": null,
          "key": undefined,
          "nodeType": "function",
          "props": Object {
            "answer": "el vestido rojo",
            "handleAnswerSubmitted": undefined,
          },
          "ref": null,
          "rendered": null,
          "type": [Function],
        },
        Object {
          "instance": null,
          "key": undefined,
          "nodeType": "function",
          "props": Object {
            "answer": "el traje rojo",
            "handleCorrectAnswerSubmitted": undefined,
          },
          "ref": null,
          "rendered": null,
          "type": [Function],
        },
        Object {
          "instance": null,
          "key": undefined,
          "nodeType": "function",
          "props": Object {
            "answer": "el abrigo rojo",
            "handleAnswerSubmitted": undefined,
          },
          "ref": null,
          "rendered": null,
          "type": [Function],
        },
        Object {
          "instance": null,
          "key": undefined,
          "nodeType": "function",
          "props": Object {
            "answer": "los pantalones rojos",
            "handleAnswerSubmitted": undefined,
          },
          "ref": null,
          "rendered": null,
          "type": [Function],
        },
      ],
      "type": "div",
    },
  ],
  Symbol(enzyme.__options__): Object {
    "adapter": ReactSixteenAdapter {
      "options": Object {
        "enableComponentDidUpdateOnSetState": true,
      },
    },
    "disableLifecycleMethods": true,
  },
}
`;
